/jet/home/tatavart/.conda/envs/minitorch-cuda-2/lib/python3.9/site-packages/huggingface_hub/file_download.py:942: FutureWarning: `resume_download` is deprecated and will be removed in version 1.0.0. Downloads always resume when possible. If you want to force a new download, use `force_download=True`.
  warnings.warn(
[00:00:00] Pre-processing sequences       ████████████████████████████████████████████████████████ 0        /        0
[00:00:00] Tokenize words                 ████████████████████████████████████████████████████████ 19729    /    19729
[00:00:00] Count pairs                    ████████████████████████████████████████████████████████ 19729    /    19729
[00:00:00] Compute merges                 ████████████████████████████████████████████████████████ 17232    /    17232
Training (epoch 0 / 2): 100%|████████████████████| 157/157 [00:50<00:00,  3.10it/s, loss=5.85, tokens_per_sec=3.35e+4]
Epoch 0: Training Time = 50.69702625274658, Tokens_per_sec = 12624.014608062482
Evaluating (epoch 0 / 2): 100%|████████████████████████████████████████████| 32/32 [00:03<00:00,  8.78it/s, loss=5.32]
Epoch 0: Validation Loss = 5.784484952688217
Generating epoch 0 / 2: 100%|███████████████████████████████████████████████████████| 100/100 [00:27<00:00,  3.58it/s]
Epoch 0: {'bleu': 1.384119196881931}
Training (epoch 1 / 2): 100%|█████████████████████| 157/157 [00:49<00:00,  3.18it/s, loss=5.08, tokens_per_sec=4.1e+4]
Epoch 1: Training Time = 49.43171215057373, Tokens_per_sec = 12947.154208425933
Evaluating (epoch 1 / 2): 100%|████████████████████████████████████████████| 32/32 [00:03<00:00,  8.78it/s, loss=5.01]
Epoch 1: Validation Loss = 5.463253661990166
Generating epoch 1 / 2: 100%|███████████████████████████████████████████████████████| 100/100 [00:41<00:00,  2.42it/s]
Epoch 1: {'bleu': 2.8053204142422494}
Training time: avg:50.064369201660156, std:0.6326570510864258,         tokens_per_second: avg: 12785.584408244207, std:161.56980018172544
(minitorch-cuda-2) [tatavart@v011 llmsys_f25_hw5]$ 