/jet/home/tatavart/.conda/envs/minitorch-cuda-2/lib/python3.9/site-packages/huggingface_hub/file_download.py:942: FutureWarning: `resume_download` is deprecated and will be removed in version 1.0.0. Downloads always resume when possible. If you want to force a new download, use `force_download=True`.
  warnings.warn(
/jet/home/tatavart/.conda/envs/minitorch-cuda-2/lib/python3.9/site-packages/huggingface_hub/file_download.py:942: FutureWarning: `resume_download` is deprecated and will be removed in version 1.0.0. Downloads always resume when possible. If you want to force a new download, use `force_download=True`.
  warnings.warn(
'(MaxRetryError("HTTPSConnectionPool(host='huggingface.co', port=443): Max retries exceeded with url: /gpt2/resolve/main/config.json (Caused by NewConnectionError('<urllib3.connection.HTTPSConnection object at 0x1480204d3550>: Failed to establish a new connection: [Errno 101] Network is unreachable'))"), '(Request ID: 4e8de14a-9e50-4f17-a316-1a605cff6850)')' thrown while requesting HEAD https://huggingface.co/gpt2/resolve/main/config.json
Retrying in 1s [Retry 1/5].
'(MaxRetryError("HTTPSConnectionPool(host='huggingface.co', port=443): Max retries exceeded with url: /gpt2/resolve/main/config.json (Caused by NewConnectionError('<urllib3.connection.HTTPSConnection object at 0x1480204d3640>: Failed to establish a new connection: [Errno 101] Network is unreachable'))"), '(Request ID: c576fd42-7d2b-42cb-bbf7-d1c407e2546e)')' thrown while requesting HEAD https://huggingface.co/gpt2/resolve/main/config.json
Retrying in 1s [Retry 1/5].
Process Process-2:
Traceback (most recent call last):
  File "/jet/home/tatavart/.conda/envs/minitorch-cuda-2/lib/python3.9/site-packages/urllib3/connectionpool.py", line 534, in _make_request
    response = conn.getresponse()
  File "/jet/home/tatavart/.conda/envs/minitorch-cuda-2/lib/python3.9/site-packages/urllib3/connection.py", line 565, in getresponse
    httplib_response = super().getresponse()
  File "/jet/home/tatavart/.conda/envs/minitorch-cuda-2/lib/python3.9/http/client.py", line 1377, in getresponse
    response.begin()
  File "/jet/home/tatavart/.conda/envs/minitorch-cuda-2/lib/python3.9/http/client.py", line 320, in begin
    version, status, reason = self._read_status()
  File "/jet/home/tatavart/.conda/envs/minitorch-cuda-2/lib/python3.9/http/client.py", line 281, in _read_status
    line = str(self.fp.readline(_MAXLINE + 1), "iso-8859-1")
  File "/jet/home/tatavart/.conda/envs/minitorch-cuda-2/lib/python3.9/socket.py", line 704, in readinto
    return self._sock.recv_into(b)
  File "/jet/home/tatavart/.conda/envs/minitorch-cuda-2/lib/python3.9/ssl.py", line 1242, in recv_into
    return self.read(nbytes, buffer)
  File "/jet/home/tatavart/.conda/envs/minitorch-cuda-2/lib/python3.9/ssl.py", line 1100, in read
    return self._sslobj.read(len, buffer)
socket.timeout: The read operation timed out

The above exception was the direct cause of the following exception:

Traceback (most recent call last):
  File "/jet/home/tatavart/.conda/envs/minitorch-cuda-2/lib/python3.9/site-packages/requests/adapters.py", line 644, in send
    resp = conn.urlopen(
  File "/jet/home/tatavart/.conda/envs/minitorch-cuda-2/lib/python3.9/site-packages/urllib3/connectionpool.py", line 841, in urlopen
    retries = retries.increment(
  File "/jet/home/tatavart/.conda/envs/minitorch-cuda-2/lib/python3.9/site-packages/urllib3/util/retry.py", line 474, in increment
    raise reraise(type(error), error, _stacktrace)
  File "/jet/home/tatavart/.conda/envs/minitorch-cuda-2/lib/python3.9/site-packages/urllib3/util/util.py", line 39, in reraise
    raise value
  File "/jet/home/tatavart/.conda/envs/minitorch-cuda-2/lib/python3.9/site-packages/urllib3/connectionpool.py", line 787, in urlopen
    response = self._make_request(
  File "/jet/home/tatavart/.conda/envs/minitorch-cuda-2/lib/python3.9/site-packages/urllib3/connectionpool.py", line 536, in _make_request
    self._raise_timeout(err=e, url=url, timeout_value=read_timeout)
  File "/jet/home/tatavart/.conda/envs/minitorch-cuda-2/lib/python3.9/site-packages/urllib3/connectionpool.py", line 367, in _raise_timeout
    raise ReadTimeoutError(
urllib3.exceptions.ReadTimeoutError: HTTPSConnectionPool(host='huggingface.co', port=443): Read timed out. (read timeout=10)

During handling of the above exception, another exception occurred:

Traceback (most recent call last):
  File "/jet/home/tatavart/.conda/envs/minitorch-cuda-2/lib/python3.9/multiprocessing/process.py", line 315, in _bootstrap
    self.run()
  File "/jet/home/tatavart/.conda/envs/minitorch-cuda-2/lib/python3.9/multiprocessing/process.py", line 108, in run
    self._target(*self._args, **self._kwargs)
  File "/jet/home/tatavart/11986-llmsys/llmsys_f25_hw5/project/run_data_parallel.py", line 79, in run_dp
    dataset = {
  File "/jet/home/tatavart/11986-llmsys/llmsys_f25_hw5/project/run_data_parallel.py", line 80, in <dictcomp>
    split: datasets.load_dataset(dataset_name, split=split)['translation']
  File "/jet/home/tatavart/.conda/envs/minitorch-cuda-2/lib/python3.9/site-packages/datasets/load.py", line 2062, in load_dataset
    builder_instance = load_dataset_builder(
  File "/jet/home/tatavart/.conda/envs/minitorch-cuda-2/lib/python3.9/site-packages/datasets/load.py", line 1819, in load_dataset_builder
    builder_instance: DatasetBuilder = builder_cls(
  File "/jet/home/tatavart/.conda/envs/minitorch-cuda-2/lib/python3.9/site-packages/datasets/builder.py", line 343, in __init__
    self.config, self.config_id = self._create_builder_config(
  File "/jet/home/tatavart/.conda/envs/minitorch-cuda-2/lib/python3.9/site-packages/datasets/builder.py", line 598, in _create_builder_config
    builder_config._resolve_data_files(
  File "/jet/home/tatavart/.conda/envs/minitorch-cuda-2/lib/python3.9/site-packages/datasets/builder.py", line 207, in _resolve_data_files
    self.data_files = self.data_files.resolve(base_path, download_config)
  File "/jet/home/tatavart/.conda/envs/minitorch-cuda-2/lib/python3.9/site-packages/datasets/data_files.py", line 788, in resolve
    out[key] = data_files_patterns_list.resolve(base_path, download_config)
  File "/jet/home/tatavart/.conda/envs/minitorch-cuda-2/lib/python3.9/site-packages/datasets/data_files.py", line 741, in resolve
    resolve_pattern(
  File "/jet/home/tatavart/.conda/envs/minitorch-cuda-2/lib/python3.9/site-packages/datasets/data_files.py", line 360, in resolve_pattern
    for filepath, info in fs.glob(pattern, detail=True, **glob_kwargs).items()
  File "/jet/home/tatavart/.conda/envs/minitorch-cuda-2/lib/python3.9/site-packages/huggingface_hub/hf_file_system.py", line 527, in glob
    path = self.resolve_path(path, revision=kwargs.get("revision")).unresolve()
  File "/jet/home/tatavart/.conda/envs/minitorch-cuda-2/lib/python3.9/site-packages/huggingface_hub/hf_file_system.py", line 199, in resolve_path
    repo_and_revision_exist, err = self._repo_and_revision_exist(repo_type, repo_id, revision)
  File "/jet/home/tatavart/.conda/envs/minitorch-cuda-2/lib/python3.9/site-packages/huggingface_hub/hf_file_system.py", line 126, in _repo_and_revision_exist
    self._api.repo_info(
  File "/jet/home/tatavart/.conda/envs/minitorch-cuda-2/lib/python3.9/site-packages/huggingface_hub/utils/_validators.py", line 114, in _inner_fn
    return fn(*args, **kwargs)
  File "/jet/home/tatavart/.conda/envs/minitorch-cuda-2/lib/python3.9/site-packages/huggingface_hub/hf_api.py", line 2867, in repo_info
    return method(
  File "/jet/home/tatavart/.conda/envs/minitorch-cuda-2/lib/python3.9/site-packages/huggingface_hub/utils/_validators.py", line 114, in _inner_fn
    return fn(*args, **kwargs)
  File "/jet/home/tatavart/.conda/envs/minitorch-cuda-2/lib/python3.9/site-packages/huggingface_hub/hf_api.py", line 2730, in dataset_info
    r = get_session().get(path, headers=headers, timeout=timeout, params=params)
  File "/jet/home/tatavart/.conda/envs/minitorch-cuda-2/lib/python3.9/site-packages/requests/sessions.py", line 602, in get
    return self.request("GET", url, **kwargs)
  File "/jet/home/tatavart/.conda/envs/minitorch-cuda-2/lib/python3.9/site-packages/requests/sessions.py", line 589, in request
    resp = self.send(prep, **send_kwargs)
  File "/jet/home/tatavart/.conda/envs/minitorch-cuda-2/lib/python3.9/site-packages/requests/sessions.py", line 703, in send
    r = adapter.send(request, **kwargs)
  File "/jet/home/tatavart/.conda/envs/minitorch-cuda-2/lib/python3.9/site-packages/huggingface_hub/utils/_http.py", line 95, in send
    return super().send(request, *args, **kwargs)
  File "/jet/home/tatavart/.conda/envs/minitorch-cuda-2/lib/python3.9/site-packages/requests/adapters.py", line 690, in send
    raise ReadTimeout(e, request=request)
requests.exceptions.ReadTimeout: (ReadTimeoutError("HTTPSConnectionPool(host='huggingface.co', port=443): Read timed out. (read timeout=10)"), '(Request ID: 62925b61-92fc-4912-8608-1e5e84bb6800)')
'(ReadTimeoutError("HTTPSConnectionPool(host='huggingface.co', port=443): Read timed out. (read timeout=10)"), '(Request ID: 69f61147-0200-486a-ac57-2c59b8ac08c2)')' thrown while requesting HEAD https://huggingface.co/datasets/bbaaaa/iwslt14-de-en-preprocess/resolve/main/README.md
Retrying in 1s [Retry 1/5].
'(MaxRetryError("HTTPSConnectionPool(host='huggingface.co', port=443): Max retries exceeded with url: /datasets/bbaaaa/iwslt14-de-en-preprocess/resolve/main/README.md (Caused by NewConnectionError('<urllib3.connection.HTTPSConnection object at 0x147e05da9c10>: Failed to establish a new connection: [Errno 101] Network is unreachable'))"), '(Request ID: 3b0a115c-ab9e-48a5-937d-2dde6e91806e)')' thrown while requesting HEAD https://huggingface.co/datasets/bbaaaa/iwslt14-de-en-preprocess/resolve/main/README.md
Retrying in 2s [Retry 2/5].
Training (rank 0/2 epoch 0/10):   0%|          | 0/40 [00:00<?, ?it/s]Training (rank 0/2 epoch 0/10):   0%|          | 0/40 [11:13:27<?, ?it/s]
Process Process-1:
Traceback (most recent call last):
  File "/jet/home/tatavart/.conda/envs/minitorch-cuda-2/lib/python3.9/multiprocessing/process.py", line 315, in _bootstrap
    self.run()
  File "/jet/home/tatavart/.conda/envs/minitorch-cuda-2/lib/python3.9/multiprocessing/process.py", line 108, in run
    self._target(*self._args, **self._kwargs)
  File "/jet/home/tatavart/11986-llmsys/llmsys_f25_hw5/project/run_data_parallel.py", line 119, in run_dp
    avg_tokens_per_sec, _  = train(
  File "/jet/home/tatavart/11986-llmsys/llmsys_f25_hw5/project/utils.py", line 145, in train
    average_gradients_fn(model)
  File "/jet/home/tatavart/11986-llmsys/llmsys_f25_hw5/project/run_data_parallel.py", line 39, in average_gradients
    dist.all_reduce(paramter.grad.data, op=dist.ReduceOp.SUM)
  File "/jet/home/tatavart/.conda/envs/minitorch-cuda-2/lib/python3.9/site-packages/torch/distributed/c10d_logger.py", line 72, in wrapper
    return func(*args, **kwargs)
  File "/jet/home/tatavart/.conda/envs/minitorch-cuda-2/lib/python3.9/site-packages/torch/distributed/distributed_c10d.py", line 1992, in all_reduce
    work = group.allreduce([tensor], opts)
torch.distributed.DistBackendError: NCCL error in: ../torch/csrc/distributed/c10d/ProcessGroupNCCL.cpp:1691, unhandled system error (run with NCCL_DEBUG=INFO for details), NCCL version 2.19.3
ncclSystemError: System call (e.g. socket, malloc) or external library call failed or device error. 
Last error:
nvmlDeviceGetHandleByPciBusId() failed: Not Found
