(minitorch-cuda-2) [tatavart@v011 llmsys_f25_hw5]$ python project/run_pipeline.py --model_parallel_mode='pipeline_parallel'
/jet/home/tatavart/.conda/envs/minitorch-cuda-2/lib/python3.9/site-packages/huggingface_hub/file_download.py:942: FutureWarning: `resume_download` is deprecated and will be removed in version 1.0.0. Downloads always resume when possible. If you want to force a new download, use `force_download=True`.
  warnings.warn(
[00:00:00] Pre-processing sequences       ████████████████████████████████████████████████████████ 0        /        0
[00:00:00] Tokenize words                 ████████████████████████████████████████████████████████ 19729    /    19729
[00:00:00] Count pairs                    ████████████████████████████████████████████████████████ 19729    /    19729
[00:00:00] Compute merges                 ████████████████████████████████████████████████████████ 17232    /    17232
Training (epoch 0 / 2): 100%|████████████████████| 157/157 [00:53<00:00,  2.93it/s, loss=5.72, tokens_per_sec=5.27e+3]
Epoch 0: Training Time = 53.51370143890381, Tokens_per_sec = 11959.55396078672
Evaluating (epoch 0 / 2): 100%|█████████████████████████████████████████████| 32/32 [00:02<00:00, 11.15it/s, loss=5.2]
Epoch 0: Validation Loss = 5.680471673607826
Generating epoch 0 / 2: 100%|███████████████████████████████████████████████████████| 100/100 [00:36<00:00,  2.75it/s]
Epoch 0: {'bleu': 2.433126317831103}
Training (epoch 1 / 2): 100%|████████████████████| 157/157 [00:53<00:00,  2.94it/s, loss=4.97, tokens_per_sec=6.98e+3]
Epoch 1: Training Time = 53.38326549530029, Tokens_per_sec = 11988.775771994386
Evaluating (epoch 1 / 2): 100%|████████████████████████████████████████████| 32/32 [00:02<00:00, 11.13it/s, loss=4.95]
Epoch 1: Validation Loss = 5.3985386043787
Generating epoch 1 / 2: 100%|███████████████████████████████████████████████████████| 100/100 [00:44<00:00,  2.25it/s]
Epoch 1: {'bleu': 2.6762403965787067}
Training time: avg:53.44848346710205, std:0.06521797180175781,         tokens_per_second: avg: 11974.164866390553, std:14.61090560383309
(minitorch-cuda-2) [tatavart@v011 llmsys_f25_hw5]$ 